../Drivers/CMSIS/Include/core_cm4.h:2064:26:ITM_SendChar	16	static,ignoring_inline_asm
../Core/Src/main.c:69:5:_write	32	static
../Core/Src/main.c:81:6:delay	16	static
../Core/Src/main.c:86:6:scan_keypad	24	static
../Core/Src/main.c:118:6:HAL_GPIO_EXTI_Callback	16	static
../Core/Src/main.c:131:5:main	8	static
../Core/Src/main.c:166:6:SystemClock_Config	88	static
../Core/Src/main.c:214:13:MX_USART2_UART_Init	8	static
../Core/Src/main.c:235:13:MX_GPIO_Init	48	static
../Core/Src/main.c:288:6:Error_Handler	4	static,ignoring_inline_asm
