../Drivers/CMSIS/Include/core_cm4.h:2064:26:ITM_SendChar	16	static,ignoring_inline_asm
../Core/Src/main.c:67:5:__io_putchar	16	static
../Core/Src/main.c:79:5:main	72	static
../Core/Src/main.c:109:6:fsm_Task	24	static
../Core/Src/main.c:133:6:read_sensor_values	16	static
../Core/Src/main.c:137:6:lcd_display	56	static
../Core/Src/main.c:150:6:mqtt_Task	16	static
../Core/Src/main.c:156:6:mqtt_data_send	120	static
../Core/Src/main.c:167:7:SHT25_ReadTemperature	24	static
../Core/Src/main.c:179:7:SHT25_ReadHumidity	24	static
../Core/Src/main.c:191:6:WE10_Init	136	static
../Core/Src/main.c:236:6:MQTT_Init	136	static
../Core/Src/main.c:277:6:SystemClock_Config	88	static
../Core/Src/main.c:324:13:MX_I2C1_Init	8	static
../Core/Src/main.c:358:13:MX_TIM2_Init	32	static
../Core/Src/main.c:403:13:MX_USART1_UART_Init	8	static
../Core/Src/main.c:436:13:MX_USART2_UART_Init	8	static
../Core/Src/main.c:469:13:MX_GPIO_Init	48	static
../Core/Src/main.c:521:6:HAL_TIM_PeriodElapsedCallback	16	static
../Core/Src/main.c:538:6:Error_Handler	4	static,ignoring_inline_asm
