../Core/Src/main.c:73:5:main	8	static
../Core/Src/main.c:118:6:LCD_String	24	static
../Core/Src/main.c:126:6:LCD_Init	8	static
../Core/Src/main.c:141:6:PORTS_Init	40	static
../Core/Src/main.c:164:6:LCD_Command	24	static
../Core/Src/main.c:175:6:LCD_Data	24	static
../Core/Src/main.c:190:6:delayMs	16	static
../Core/Src/main.c:198:6:SystemClock_Config	88	static
../Core/Src/main.c:245:13:MX_USART2_UART_Init	8	static
../Core/Src/main.c:278:13:MX_GPIO_Init	48	static
../Core/Src/main.c:341:6:Error_Handler	4	static,ignoring_inline_asm
