../Drivers/CMSIS/Include/core_cm4.h:2064:26:ITM_SendChar	16	static,ignoring_inline_asm
../Core/Src/main.c:58:5:__io_putchar	16	static
../Core/Src/main.c:63:5:main	72	static
../Core/Src/main.c:88:6:fsm_Task	24	static
../Core/Src/main.c:112:6:read_sensor_values	16	static
../Core/Src/main.c:117:6:mqtt_Task	16	static
../Core/Src/main.c:123:6:lcd_display	56	static
../Core/Src/main.c:137:6:mqtt_data_send	120	static
../Core/Src/main.c:154:6:SystemClock_Config	88	static
../Core/Src/main.c:201:13:MX_I2C1_Init	8	static
../Core/Src/main.c:235:13:MX_USART1_UART_Init	8	static
../Core/Src/main.c:268:13:MX_USART2_UART_Init	8	static
../Core/Src/main.c:301:13:MX_GPIO_Init	48	static
../Core/Src/main.c:363:6:HAL_TIM_PeriodElapsedCallback	16	static
../Core/Src/main.c:380:6:Error_Handler	4	static,ignoring_inline_asm
