../Core/Src/main.c:71:5:main	8	static
../Core/Src/main.c:119:6:HAL_TIM_PeriodElapsedCallback	16	static
../Core/Src/main.c:130:6:DisplayNumber	32	static
../Core/Src/main.c:155:6:TurnOffDisplay	8	static
../Core/Src/main.c:161:6:EXTI0_IRQHandler	8	static
../Core/Src/main.c:166:6:HAL_GPIO_EXTI_Callback	24	static
../Core/Src/main.c:186:6:SystemClock_Config	88	static
../Core/Src/main.c:232:13:MX_TIM2_Init	32	static
../Core/Src/main.c:265:13:MX_USART2_UART_Init	8	static
../Core/Src/main.c:286:13:MX_GPIO_Init	48	static
../Core/Src/main.c:327:6:Error_Handler	4	static,ignoring_inline_asm
