15:10:15 **** Build of configuration Debug for project relay ****
make -j8 all 
arm-none-eabi-gcc "../Core/Src/main.c" -mcpu=cortex-m4 -std=gnu11 -g3 -DDEBUG -DUSE_HAL_DRIVER -DSTM32F411xE -c -I../Core/Inc -I../Drivers/STM32F4xx_HAL_Driver/Inc -I../Drivers/STM32F4xx_HAL_Driver/Inc/Legacy -I../Drivers/CMSIS/Device/ST/STM32F4xx/Include -I../Drivers/CMSIS/Include -O0 -ffunction-sections -fdata-sections -Wall -fstack-usage -fcyclomatic-complexity -MMD -MP -MF"Core/Src/main.d" -MT"Core/Src/main.o" --specs=nano.specs -mfpu=fpv4-sp-d16 -mfloat-abi=hard -mthumb -o "Core/Src/main.o"
arm-none-eabi-gcc -o "relay.elf" @"objects.list"   -mcpu=cortex-m4 -T"/home/dinesh/STM32CubeIDE/workspace_1.16.0/relay/STM32F411RETX_FLASH.ld" --specs=nosys.specs -Wl,-Map="relay.map" -Wl,--gc-sections -static --specs=nano.specs -mfpu=fpv4-sp-d16 -mfloat-abi=hard -mthumb -Wl,--start-group -lc -lm -Wl,--end-group
Finished building target: relay.elf
 
arm-none-eabi-size  relay.elf 
arm-none-eabi-objdump -h -S relay.elf  > "relay.list"
   text	   data	    bss	    dec	    hex	filename
   7868	     12	   1644	   9524	   2534	relay.elf
Finished building: default.size.stdout
 
Finished building: relay.list
 

15:10:19 Build Finished. 0 errors, 0 warnings. (took 3s.388ms)

