../Core/Src/main.c:87:5:main	8	static
../Core/Src/main.c:134:6:lcd_send_cmd	32	static
../Core/Src/main.c:147:6:lcd_send_data	32	static
../Core/Src/main.c:160:6:lcd_init	8	static
../Core/Src/main.c:189:6:lcd_clear	8	static
../Core/Src/main.c:195:6:lcd_send_string	16	static
../Core/Src/main.c:200:6:set_time	32	static
../Core/Src/main.c:224:6:get_time	40	static
../Core/Src/main.c:238:6:display_time	8	static
../Core/Src/main.c:251:6:SystemClock_Config	88	static
../Core/Src/main.c:299:13:MX_I2C1_Init	8	static
../Core/Src/main.c:333:13:MX_RTC_Init	32	static
../Core/Src/main.c:396:13:MX_USART2_UART_Init	8	static
../Core/Src/main.c:429:13:MX_GPIO_Init	48	static
../Core/Src/main.c:469:6:Error_Handler	4	static,ignoring_inline_asm
